125.99.186.46 - - [15/Apr/2014:13:24:03 +0000] "GET /lottery/ticket?division=DE& HTTP/1.1" 200 5582 "-" "Dalvik/1.6.0 (Linux; U; Android 4.0.4; LG-P765 Build/IMM76L)"
125.99.186.46 - - [15/Apr/2014:13:24:05 +0000] "GET /lottery/ticket?drawId=8124&division=DE& HTTP/1.1" 200 646 "-" "Dalvik/1.6.0 (Linux; U; Android 4.0.4; LG-P765 Build/IMM76L)"
125.99.186.46 - - [15/Apr/2014:13:24:06 +0000] "GET /lottery/ticket?drawId=8124&division=DE& HTTP/1.1" 200 646 "-" "Dalvik/1.6.0 (Linux; U; Android 4.0.4; LG-P765 Build/IMM76L)"
125.99.186.46 - - [15/Apr/2014:13:24:17 +0000] "POST /lottery/game/draw/8124/check?division=DE HTTP/1.1" 200 644 "-" "Dalvik/1.6.0 (Linux; U; Android 4.0.4; LG-P765 Build/IMM76L)"
182.73.179.242 - - [15/Apr/2014:13:24:51 +0000] "POST /lottery/play HTTP/1.1" 200 1495 "-" "Dalvik/1.6.0 (Linux; U; Android 4.1.2; GT-I9300 Build/JZO54K)"
182.73.179.242 - - [15/Apr/2014:13:24:54 +0000] "POST /lottery/play HTTP/1.1" 200 1495 "-" "Dalvik/1.6.0 (Linux; U; Android 4.1.2; GT-I9300 Build/JZO54K)"
182.73.179.242 - - [15/Apr/2014:13:25:06 +0000] "GET /admin/lottery/lotterydraw/?component__division__remote_id=MA&p=2 HTTP/1.1" 200 5651 "http://qa.yoolotto.com/admin/lottery/lotterydraw/?component__division__remote_id=MA&p=1" "Mozilla/5.0 (X11; Ubuntu; Linux i686; rv:28.0) Gecko/20100101 Firefox/28.0"
182.73.179.242 - - [15/Apr/2014:13:26:19 +0000] "POST /lottery/play HTTP/1.1" 200 1495 "-" "Dalvik/1.6.0 (Linux; U; Android 4.1.2; GT-I9300 Build/JZO54K)"
182.73.179.242 - - [15/Apr/2014:13:26:22 +0000] "POST /lottery/play HTTP/1.1" 200 1495 "-" "Dalvik/1.6.0 (Linux; U; Android 4.1.2; GT-I9300 Build/JZO54K)"
182.73.179.242 - - [15/Apr/2014:13:26:45 +0000] "GET /admin/lottery/lotterydraw/?component__division__remote_id=MA&component__format=Powerplay HTTP/1.1" 200 2275 "http://qa.yoolotto.com/admin/lottery/lotterydraw/?component__division__remote_id=MA&p=1" "Mozilla/5.0 (X11; Ubuntu; Linux i686; rv:28.0) Gecko/20100101 Firefox/28.0"
125.99.186.46 - - [15/Apr/2014:13:26:48 +0000] "GET /lottery/ticket?drawId=8124&division=DE& HTTP/1.1" 200 644 "-" "Dalvik/1.6.0 (Linux; U; Android 4.0.4; LG-P765 Build/IMM76L)"
182.73.179.242 - - [15/Apr/2014:13:27:19 +0000] "POST /lottery/play HTTP/1.1" 200 1495 "-" "Dalvik/1.6.0 (Linux; U; Android 4.1.2; GT-I9300 Build/JZO54K)"
182.73.179.242 - - [15/Apr/2014:13:27:20 +0000] "POST /lottery/play HTTP/1.1" 200 1495 "-" "Dalvik/1.6.0 (Linux; U; Android 4.1.2; GT-I9300 Build/JZO54K)"
125.99.186.46 - - [15/Apr/2014:13:27:39 +0000] "GET /lottery/ticket?drawId=8124&division=DE& HTTP/1.1" 200 644 "-" "Dalvik/1.6.0 (Linux; U; Android 4.0.4; LG-P765 Build/IMM76L)"
125.99.186.46 - - [15/Apr/2014:13:27:53 +0000] "POST /user/ HTTP/1.1" 200 228 "-" "Dalvik/1.6.0 (Linux; U; Android 4.0.4; LG-P765 Build/IMM76L)"
125.99.186.46 - - [15/Apr/2014:13:27:53 +0000] "GET /lottery/ticket?division=DE& HTTP/1.1" 200 5584 "-" "Dalvik/1.6.0 (Linux; U; Android 4.0.4; LG-P765 Build/IMM76L)"
125.99.186.46 - - [15/Apr/2014:13:27:55 +0000] "GET /lottery/ticket?division=DE& HTTP/1.1" 200 5584 "-" "Dalvik/1.6.0 (Linux; U; Android 4.0.4; LG-P765 Build/IMM76L)"
125.99.186.46 - - [15/Apr/2014:13:28:01 +0000] "POST /user/ HTTP/1.1" 200 228 "-" "Dalvik/1.6.0 (Linux; U; Android 4.0.4; LG-P765 Build/IMM76L)"
125.99.186.46 - - [15/Apr/2014:13:28:01 +0000] "GET /lottery/ticket?division=DE& HTTP/1.1" 200 5584 "-" "Dalvik/1.6.0 (Linux; U; Android 4.0.4; LG-P765 Build/IMM76L)"
182.73.179.242 - - [15/Apr/2014:13:28:06 +0000] "GET /admin/lottery/lotterydraw/?component__division__remote_id=MA&p=1 HTTP/1.1" 200 4751 "-" "Mozilla/5.0 (X11; Ubuntu; Linux i686; rv:28.0) Gecko/20100101 Firefox/28.0"
182.73.179.242 - - [15/Apr/2014:13:28:12 +0000] "GET /admin/lottery/lotterydraw/?component__division__remote_id=MA&p=2 HTTP/1.1" 200 5651 "http://qa.yoolotto.com/admin/lottery/lotterydraw/?component__division__remote_id=MA&p=1" "Mozilla/5.0 (X11; Ubuntu; Linux i686; rv:28.0) Gecko/20100101 Firefox/28.0"
125.99.186.46 - - [15/Apr/2014:13:29:03 +0000] "POST /user/ HTTP/1.1" 200 228 "-" "Dalvik/1.6.0 (Linux; U; Android 4.0.4; LG-P765 Build/IMM76L)"
125.99.186.46 - - [15/Apr/2014:13:29:03 +0000] "GET /lottery/ticket?division=DE& HTTP/1.1" 200 5584 "-" "Dalvik/1.6.0 (Linux; U; Android 4.0.4; LG-P765 Build/IMM76L)"
125.99.186.46 - - [15/Apr/2014:13:29:04 +0000] "GET /lottery/ticket?division=DE& HTTP/1.1" 200 5584 "-" "Dalvik/1.6.0 (Linux; U; Android 4.0.4; LG-P765 Build/IMM76L)"
125.99.186.46 - - [15/Apr/2014:13:29:06 +0000] "GET /lottery/ticket?gameType=1&division=DE& HTTP/1.1" 200 4357 "-" "Dalvik/1.6.0 (Linux; U; Android 4.0.4; LG-P765 Build/IMM76L)"
125.99.186.46 - - [15/Apr/2014:13:29:09 +0000] "GET /lottery/ticket?drawId=8119&division=DE& HTTP/1.1" 200 2293 "-" "Dalvik/1.6.0 (Linux; U; Android 4.0.4; LG-P765 Build/IMM76L)"
125.99.186.46 - - [15/Apr/2014:13:29:11 +0000] "GET /lottery/ticket?drawId=8119&division=DE& HTTP/1.1" 200 2293 "-" "Dalvik/1.6.0 (Linux; U; Android 4.0.4; LG-P765 Build/IMM76L)"
182.73.179.242 - - [15/Apr/2014:13:29:16 +0000] "GET /admin/logout/ HTTP/1.1" 200 580 "http://qa.yoolotto.com/admin/lottery/lotterydraw/?component__division__remote_id=MA&p=1" "Mozilla/5.0 (X11; Ubuntu; Linux i686; rv:28.0) Gecko/20100101 Firefox/28.0"
182.73.179.242 - - [15/Apr/2014:13:29:18 +0000] "GET /admin/ HTTP/1.1" 200 838 "http://qa.yoolotto.com/admin/logout/" "Mozilla/5.0 (X11; Ubuntu; Linux i686; rv:28.0) Gecko/20100101 Firefox/28.0"
182.73.179.242 - - [15/Apr/2014:13:29:18 +0000] "GET /static/admin/css/login.css HTTP/1.1" 200 940 "http://qa.yoolotto.com/admin/" "Mozilla/5.0 (X11; Ubuntu; Linux i686; rv:28.0) Gecko/20100101 Firefox/28.0"
182.73.179.242 - - [15/Apr/2014:13:29:26 +0000] "POST /admin/ HTTP/1.1" 302 5 "http://qa.yoolotto.com/admin/" "Mozilla/5.0 (X11; Ubuntu; Linux i686; rv:28.0) Gecko/20100101 Firefox/28.0"
182.73.179.242 - - [15/Apr/2014:13:29:27 +0000] "GET /admin/ HTTP/1.1" 200 1612 "http://qa.yoolotto.com/admin/" "Mozilla/5.0 (X11; Ubuntu; Linux i686; rv:28.0) Gecko/20100101 Firefox/28.0"
125.99.186.46 - - [15/Apr/2014:13:29:29 +0000] "POST /lottery/game/draw/8119/check?division=DE HTTP/1.1" 200 2296 "-" "Dalvik/1.6.0 (Linux; U; Android 4.0.4; LG-P765 Build/IMM76L)"
182.73.179.242 - - [15/Apr/2014:13:29:47 +0000] "POST /lottery/play HTTP/1.1" 200 1495 "-" "Dalvik/1.6.0 (Linux; U; Android 4.1.2; GT-I9300 Build/JZO54K)"
182.73.179.242 - - [15/Apr/2014:13:29:50 +0000] "POST /lottery/play HTTP/1.1" 200 1495 "-" "Dalvik/1.6.0 (Linux; U; Android 4.1.2; GT-I9300 Build/JZO54K)"
125.99.186.46 - - [15/Apr/2014:13:30:55 +0000] "GET /lottery/ticket?drawId=8119&division=DE& HTTP/1.1" 200 2293 "-" "Dalvik/1.6.0 (Linux; U; Android 4.0.4; LG-P765 Build/IMM76L)"
182.73.179.242 - - [15/Apr/2014:13:31:14 +0000] "POST /lottery/play HTTP/1.1" 200 1495 "-" "Dalvik/1.6.0 (Linux; U; Android 4.1.2; GT-I9300 Build/JZO54K)"
182.73.179.242 - - [15/Apr/2014:13:31:16 +0000] "POST /lottery/play HTTP/1.1" 200 1495 "-" "Dalvik/1.6.0 (Linux; U; Android 4.1.2; GT-I9300 Build/JZO54K)"
182.73.179.242 - - [15/Apr/2014:13:32:31 +0000] "POST /lottery/play HTTP/1.1" 200 1495 "-" "Dalvik/1.6.0 (Linux; U; Android 4.1.2; GT-I9300 Build/JZO54K)"
182.73.179.242 - - [15/Apr/2014:13:32:33 +0000] "POST /lottery/play HTTP/1.1" 200 1495 "-" "Dalvik/1.6.0 (Linux; U; Android 4.1.2; GT-I9300 Build/JZO54K)"
182.73.179.242 - - [15/Apr/2014:13:32:57 +0000] "POST /lottery/play HTTP/1.1" 200 1495 "-" "Dalvik/1.6.0 (Linux; U; Android 4.1.2; GT-I9300 Build/JZO54K)"
182.73.179.242 - - [15/Apr/2014:13:33:00 +0000] "POST /lottery/play HTTP/1.1" 200 1495 "-" "Dalvik/1.6.0 (Linux; U; Android 4.1.2; GT-I9300 Build/JZO54K)"
182.73.179.242 - - [15/Apr/2014:13:33:12 +0000] "GET /coupon/vendor/ HTTP/1.1" 200 282 "-" "Dalvik/1.6.0 (Linux; U; Android 4.3; GT-N7100 Build/JSS15J)"
182.73.179.242 - - [15/Apr/2014:13:33:12 +0000] "GET /ad?width=656&p=PrizePartnersActivity HTTP/1.1" 200 953 "-" "Dalvik/1.6.0 (Linux; U; Android 4.3; GT-N7100 Build/JSS15J)"
182.73.179.242 - - [15/Apr/2014:13:34:50 +0000] "POST /lottery/play HTTP/1.1" 200 1495 "-" "Dalvik/1.6.0 (Linux; U; Android 4.1.2; GT-I9300 Build/JZO54K)"
125.99.186.46 - - [15/Apr/2014:13:35:08 +0000] "GET /lottery/ticket?drawId=8119&division=DE& HTTP/1.1" 200 2293 "-" "Dalvik/1.6.0 (Linux; U; Android 4.0.4; LG-P765 Build/IMM76L)"
182.73.179.242 - - [15/Apr/2014:13:35:08 +0000] "GET /admin/ HTTP/1.1" 200 1612 "-" "Mozilla/5.0 (X11; Ubuntu; Linux i686; rv:28.0) Gecko/20100101 Firefox/28.0"
125.99.186.46 - - [15/Apr/2014:13:35:11 +0000] "GET /lottery/ticket?gameType=1&division=DE& HTTP/1.1" 200 4357 "-" "Dalvik/1.6.0 (Linux; U; Android 4.0.4; LG-P765 Build/IMM76L)"
125.99.186.46 - - [15/Apr/2014:13:35:13 +0000] "GET /lottery/ticket?division=DE& HTTP/1.1" 200 5584 "-" "Dalvik/1.6.0 (Linux; U; Android 4.0.4; LG-P765 Build/IMM76L)"
182.73.179.242 - - [15/Apr/2014:13:35:14 +0000] "GET /admin/lottery/lotterydraw/ HTTP/1.1" 200 4593 "http://qa.yoolotto.com/admin/" "Mozilla/5.0 (X11; Ubuntu; Linux i686; rv:28.0) Gecko/20100101 Firefox/28.0"
125.99.186.46 - - [15/Apr/2014:13:35:15 +0000] "GET /lottery/ticket?division=DE& HTTP/1.1" 200 5584 "-" "Dalvik/1.6.0 (Linux; U; Android 4.0.4; LG-P765 Build/IMM76L)"
125.99.186.46 - - [15/Apr/2014:13:35:15 +0000] "POST /user/ HTTP/1.1" 200 228 "-" "Dalvik/1.6.0 (Linux; U; Android 4.0.4; LG-P765 Build/IMM76L)"
182.73.179.242 - - [15/Apr/2014:13:35:35 +0000] "GET /admin/jsi18n/ HTTP/1.1" 200 5188 "http://qa.yoolotto.com/admin/lottery/lotterydraw/" "Mozilla/5.0 (X11; Ubuntu; Linux i686; rv:28.0) Gecko/20100101 Firefox/28.0"
125.99.186.46 - - [15/Apr/2014:13:35:54 +0000] "GET /lottery/ticket?division=CA& HTTP/1.1" 200 43 "-" "Dalvik/1.6.0 (Linux; U; Android 4.0.4; LG-P765 Build/IMM76L)"
125.99.186.46 - - [15/Apr/2014:13:35:54 +0000] "POST /user/ HTTP/1.1" 200 228 "-" "Dalvik/1.6.0 (Linux; U; Android 4.0.4; LG-P765 Build/IMM76L)"
182.73.179.242 - - [15/Apr/2014:13:36:07 +0000] "GET /admin/lottery/lotterydraw/?p=1 HTTP/1.1" 200 4612 "http://qa.yoolotto.com/admin/lottery/lotterydraw/" "Mozilla/5.0 (X11; Ubuntu; Linux i686; rv:28.0) Gecko/20100101 Firefox/28.0"
182.73.179.242 - - [15/Apr/2014:13:36:30 +0000] "GET /lottery/ticket?division=MD& HTTP/1.1" 200 5192 "-" "Dalvik/1.6.0 (Linux; U; Android 4.1.2; GT-I9300 Build/JZO54K)"
182.73.179.242 - - [15/Apr/2014:13:36:30 +0000] "POST /user/ HTTP/1.1" 200 228 "-" "Dalvik/1.6.0 (Linux; U; Android 4.1.2; GT-I9300 Build/JZO54K)"
182.73.179.242 - - [15/Apr/2014:13:36:31 +0000] "GET /lottery/game?division=MD& HTTP/1.1" 200 1670 "-" "Dalvik/1.6.0 (Linux; U; Android 4.1.2; GT-I9300 Build/JZO54K)"
182.73.179.242 - - [15/Apr/2014:13:36:32 +0000] "GET /lottery/ticket?division=MD& HTTP/1.1" 200 5192 "-" "Dalvik/1.6.0 (Linux; U; Android 4.1.2; GT-I9300 Build/JZO54K)"
182.73.179.242 - - [15/Apr/2014:13:36:34 +0000] "GET /lottery/game?division=MD& HTTP/1.1" 200 1670 "-" "Dalvik/1.6.0 (Linux; U; Android 4.1.2; GT-I9300 Build/JZO54K)"
182.73.179.242 - - [15/Apr/2014:13:36:37 +0000] "GET /lottery/game?division=MD& HTTP/1.1" 200 1670 "-" "Dalvik/1.6.0 (Linux; U; Android 4.1.2; GT-I9300 Build/JZO54K)"
182.73.179.242 - - [15/Apr/2014:13:36:48 +0000] "GET /lottery/game?division=MD& HTTP/1.1" 200 1670 "-" "Dalvik/1.6.0 (Linux; U; Android 4.1.2; GT-I9300 Build/JZO54K)"
182.73.179.242 - - [15/Apr/2014:13:36:49 +0000] "GET /lottery/ticket?division=MD& HTTP/1.1" 200 5192 "-" "Dalvik/1.6.0 (Linux; U; Android 4.1.2; GT-I9300 Build/JZO54K)"
182.73.179.242 - - [15/Apr/2014:13:36:53 +0000] "GET /lottery/ticket?division=MD& HTTP/1.1" 200 5192 "-" "Dalvik/1.6.0 (Linux; U; Android 4.1.2; GT-I9300 Build/JZO54K)"
182.73.179.242 - - [15/Apr/2014:13:36:54 +0000] "POST /user/ HTTP/1.1" 200 228 "-" "Dalvik/1.6.0 (Linux; U; Android 4.1.2; GT-I9300 Build/JZO54K)"
182.73.179.242 - - [15/Apr/2014:13:37:00 +0000] "GET /lottery/ticket?division=MD& HTTP/1.1" 200 5192 "-" "Dalvik/1.6.0 (Linux; U; Android 4.1.2; GT-I9300 Build/JZO54K)"
182.73.179.242 - - [15/Apr/2014:13:37:00 +0000] "POST /user/ HTTP/1.1" 200 228 "-" "Dalvik/1.6.0 (Linux; U; Android 4.1.2; GT-I9300 Build/JZO54K)"
182.73.179.242 - - [15/Apr/2014:13:37:08 +0000] "GET /lottery/ticket?drawId=7997&division=MD& HTTP/1.1" 200 1490 "-" "Dalvik/1.6.0 (Linux; U; Android 4.1.2; GT-I9300 Build/JZO54K)"
182.73.179.242 - - [15/Apr/2014:13:37:10 +0000] "GET /lottery/ticket?drawId=7997&division=MD& HTTP/1.1" 200 1490 "-" "Dalvik/1.6.0 (Linux; U; Android 4.1.2; GT-I9300 Build/JZO54K)"
182.73.179.242 - - [15/Apr/2014:13:37:13 +0000] "GET /lottery/ticket?drawId=7997&division=MD& HTTP/1.1" 200 1490 "-" "Dalvik/1.6.0 (Linux; U; Android 4.1.2; GT-I9300 Build/JZO54K)"
182.73.179.242 - - [15/Apr/2014:13:37:16 +0000] "GET /lottery/ticket?drawId=7997&division=MD& HTTP/1.1" 200 1490 "-" "Dalvik/1.6.0 (Linux; U; Android 4.1.2; GT-I9300 Build/JZO54K)"
182.73.179.242 - - [15/Apr/2014:13:37:20 +0000] "GET /lottery/ticket?drawId=7997&division=MD& HTTP/1.1" 200 1490 "-" "Dalvik/1.6.0 (Linux; U; Android 4.1.2; GT-I9300 Build/JZO54K)"
182.73.179.242 - - [15/Apr/2014:13:37:23 +0000] "GET /lottery/ticket?drawId=7997&division=MD& HTTP/1.1" 200 1490 "-" "Dalvik/1.6.0 (Linux; U; Android 4.1.2; GT-I9300 Build/JZO54K)"
182.73.179.242 - - [15/Apr/2014:13:37:57 +0000] "GET /static/admin/img/tool-left_over.gif HTTP/1.1" 200 203 "http://qa.yoolotto.com/static/admin/css/base.css" "Mozilla/5.0 (X11; Ubuntu; Linux i686; rv:28.0) Gecko/20100101 Firefox/28.0"
182.73.179.242 - - [15/Apr/2014:13:37:57 +0000] "GET /static/admin/img/tooltag-add_over.gif HTTP/1.1" 200 336 "http://qa.yoolotto.com/static/admin/css/base.css" "Mozilla/5.0 (X11; Ubuntu; Linux i686; rv:28.0) Gecko/20100101 Firefox/28.0"
182.73.179.242 - - [15/Apr/2014:13:38:03 +0000] "GET /lottery/ticket?drawId=7997&division=MD& HTTP/1.1" 200 1490 "-" "Dalvik/1.6.0 (Linux; U; Android 4.1.2; GT-I9300 Build/JZO54K)"
182.73.179.242 - - [15/Apr/2014:13:38:05 +0000] "GET /lottery/ticket?drawId=7997&division=MD& HTTP/1.1" 200 1490 "-" "Dalvik/1.6.0 (Linux; U; Android 4.1.2; GT-I9300 Build/JZO54K)"
182.73.179.242 - - [15/Apr/2014:13:38:24 +0000] "GET /admin/logout/ HTTP/1.1" 200 580 "http://qa.yoolotto.com/admin/lottery/lotterydraw/" "Mozilla/5.0 (X11; Ubuntu; Linux i686; rv:28.0) Gecko/20100101 Firefox/28.0"
182.73.179.242 - - [15/Apr/2014:13:38:24 +0000] "GET /lottery/ticket?drawId=7997&division=MD& HTTP/1.1" 200 1490 "-" "Dalvik/1.6.0 (Linux; U; Android 4.1.2; GT-I9300 Build/JZO54K)"
182.73.179.242 - - [15/Apr/2014:13:38:27 +0000] "GET /lottery/ticket?drawId=7997&division=MD& HTTP/1.1" 200 1490 "-" "Dalvik/1.6.0 (Linux; U; Android 4.1.2; GT-I9300 Build/JZO54K)"
182.73.179.242 - - [15/Apr/2014:13:38:27 +0000] "GET /admin/ HTTP/1.1" 200 838 "http://qa.yoolotto.com/admin/logout/" "Mozilla/5.0 (X11; Ubuntu; Linux i686; rv:28.0) Gecko/20100101 Firefox/28.0"
182.73.179.242 - - [15/Apr/2014:13:38:29 +0000] "GET /lottery/ticket?division=MD& HTTP/1.1" 200 5192 "-" "Dalvik/1.6.0 (Linux; U; Android 4.1.2; GT-I9300 Build/JZO54K)"
182.73.179.242 - - [15/Apr/2014:13:38:29 +0000] "POST /user/ HTTP/1.1" 200 228 "-" "Dalvik/1.6.0 (Linux; U; Android 4.1.2; GT-I9300 Build/JZO54K)"
182.73.179.242 - - [15/Apr/2014:13:38:31 +0000] "GET /lottery/ticket?division=MD& HTTP/1.1" 200 5192 "-" "Dalvik/1.6.0 (Linux; U; Android 4.1.2; GT-I9300 Build/JZO54K)"
182.73.179.242 - - [15/Apr/2014:13:38:34 +0000] "GET /lottery/ticket?drawId=7997&division=MD& HTTP/1.1" 200 1490 "-" "Dalvik/1.6.0 (Linux; U; Android 4.1.2; GT-I9300 Build/JZO54K)"
182.73.179.242 - - [15/Apr/2014:13:38:36 +0000] "GET /lottery/ticket?division=MD& HTTP/1.1" 200 5192 "-" "Dalvik/1.6.0 (Linux; U; Android 4.1.2; GT-I9300 Build/JZO54K)"
182.73.179.242 - - [15/Apr/2014:13:38:36 +0000] "GET /lottery/ticket?drawId=7997&division=MD& HTTP/1.1" 200 1490 "-" "Dalvik/1.6.0 (Linux; U; Android 4.1.2; GT-I9300 Build/JZO54K)"
182.73.179.242 - - [15/Apr/2014:13:38:39 +0000] "POST /admin/ HTTP/1.1" 302 5 "http://qa.yoolotto.com/admin/" "Mozilla/5.0 (X11; Ubuntu; Linux i686; rv:28.0) Gecko/20100101 Firefox/28.0"
182.73.179.242 - - [15/Apr/2014:13:38:39 +0000] "GET /admin/ HTTP/1.1" 200 1612 "http://qa.yoolotto.com/admin/" "Mozilla/5.0 (X11; Ubuntu; Linux i686; rv:28.0) Gecko/20100101 Firefox/28.0"
182.73.179.242 - - [15/Apr/2014:13:38:41 +0000] "GET /lottery/ticket?drawId=7997&division=MD& HTTP/1.1" 200 1490 "-" "Dalvik/1.6.0 (Linux; U; Android 4.1.2; GT-I9300 Build/JZO54K)"
182.73.179.242 - - [15/Apr/2014:13:38:44 +0000] "GET /lottery/ticket?drawId=7997&division=MD& HTTP/1.1" 200 1490 "-" "Dalvik/1.6.0 (Linux; U; Android 4.1.2; GT-I9300 Build/JZO54K)"
182.73.179.242 - - [15/Apr/2014:13:39:07 +0000] "GET /lottery/ticket?drawId=7997&division=MD& HTTP/1.1" 200 1490 "-" "Dalvik/1.6.0 (Linux; U; Android 4.1.2; GT-I9300 Build/JZO54K)"
182.73.179.242 - - [15/Apr/2014:13:39:10 +0000] "GET /lottery/ticket?drawId=7997&division=MD& HTTP/1.1" 200 1490 "-" "Dalvik/1.6.0 (Linux; U; Android 4.1.2; GT-I9300 Build/JZO54K)"
182.73.179.242 - - [15/Apr/2014:13:39:45 +0000] "GET /lottery/ticket?drawId=7997&division=MD& HTTP/1.1" 200 1490 "-" "Dalvik/1.6.0 (Linux; U; Android 4.1.2; GT-I9300 Build/JZO54K)"
125.99.186.46 - - [15/Apr/2014:13:39:45 +0000] "GET /lottery/ticket?division=TX& HTTP/1.1" 200 800 "-" "Dalvik/1.6.0 (Linux; U; Android 4.3; GT-N7100 Build/JSS15J)"
125.99.186.46 - - [15/Apr/2014:13:39:45 +0000] "POST /user/ HTTP/1.1" 200 225 "-" "Dalvik/1.6.0 (Linux; U; Android 4.3; GT-N7100 Build/JSS15J)"
125.99.186.46 - - [15/Apr/2014:13:39:46 +0000] "GET /lottery/ticket?drawId=7040&division=TX& HTTP/1.1" 200 812 "-" "Dalvik/1.6.0 (Linux; U; Android 4.3; GT-N7100 Build/JSS15J)"
125.99.186.46 - - [15/Apr/2014:13:39:46 +0000] "GET /lottery/ticket?drawId=7040&division=TX& HTTP/1.1" 200 812 "-" "Dalvik/1.6.0 (Linux; U; Android 4.3; GT-N7100 Build/JSS15J)"
182.73.179.242 - - [15/Apr/2014:13:39:47 +0000] "GET /lottery/ticket?drawId=7997&division=MD& HTTP/1.1" 200 1490 "-" "Dalvik/1.6.0 (Linux; U; Android 4.1.2; GT-I9300 Build/JZO54K)"
182.73.179.242 - - [15/Apr/2014:13:39:48 +0000] "GET /lottery/ticket?division=MD& HTTP/1.1" 200 5192 "-" "Dalvik/1.6.0 (Linux; U; Android 4.1.2; GT-I9300 Build/JZO54K)"
182.73.179.242 - - [15/Apr/2014:13:39:48 +0000] "POST /user/ HTTP/1.1" 200 228 "-" "Dalvik/1.6.0 (Linux; U; Android 4.1.2; GT-I9300 Build/JZO54K)"
182.73.179.242 - - [15/Apr/2014:13:39:50 +0000] "GET /lottery/ticket?division=MD& HTTP/1.1" 200 5192 "-" "Dalvik/1.6.0 (Linux; U; Android 4.1.2; GT-I9300 Build/JZO54K)"
125.99.186.46 - - [15/Apr/2014:13:39:55 +0000] "GET /lottery/ticket?division=TX& HTTP/1.1" 200 800 "-" "Dalvik/1.6.0 (Linux; U; Android 4.3; GT-N7100 Build/JSS15J)"
125.99.186.46 - - [15/Apr/2014:13:39:55 +0000] "POST /user/ HTTP/1.1" 200 225 "-" "Dalvik/1.6.0 (Linux; U; Android 4.3; GT-N7100 Build/JSS15J)"
125.99.186.46 - - [15/Apr/2014:13:39:57 +0000] "GET /lottery/game?division=TX& HTTP/1.1" 200 24160 "-" "Dalvik/1.6.0 (Linux; U; Android 4.3; GT-N7100 Build/JSS15J)"
125.99.186.46 - - [15/Apr/2014:13:39:58 +0000] "GET /lottery/ticket?division=TX& HTTP/1.1" 200 800 "-" "Dalvik/1.6.0 (Linux; U; Android 4.3; GT-N7100 Build/JSS15J)"
182.73.179.242 - - [15/Apr/2014:13:40:18 +0000] "POST /user/ HTTP/1.1" 200 228 "-" "Dalvik/1.6.0 (Linux; U; Android 4.1.2; GT-I9300 Build/JZO54K)"
182.73.179.242 - - [15/Apr/2014:13:40:18 +0000] "GET /lottery/ticket?division=MD& HTTP/1.1" 200 5192 "-" "Dalvik/1.6.0 (Linux; U; Android 4.1.2; GT-I9300 Build/JZO54K)"
182.73.179.242 - - [15/Apr/2014:13:40:20 +0000] "POST /user/ HTTP/1.1" 200 228 "-" "Dalvik/1.6.0 (Linux; U; Android 4.1.2; GT-I9300 Build/JZO54K)"
182.73.179.242 - - [15/Apr/2014:13:40:21 +0000] "GET /lottery/ticket?division=MD& HTTP/1.1" 200 5192 "-" "Dalvik/1.6.0 (Linux; U; Android 4.1.2; GT-I9300 Build/JZO54K)"
182.73.179.242 - - [15/Apr/2014:13:40:22 +0000] "GET /lottery/ticket?division=CA& HTTP/1.1" 200 43 "-" "Dalvik/1.6.0 (Linux; U; Android 4.0.4; LG-P765 Build/IMM76L)"
182.73.179.242 - - [15/Apr/2014:13:40:22 +0000] "POST /user/ HTTP/1.1" 200 228 "-" "Dalvik/1.6.0 (Linux; U; Android 4.0.4; LG-P765 Build/IMM76L)"
182.73.179.242 - - [15/Apr/2014:13:40:25 +0000] "GET /lottery/game?division=CA& HTTP/1.1" 200 4837 "-" "Dalvik/1.6.0 (Linux; U; Android 4.0.4; LG-P765 Build/IMM76L)"
182.73.179.242 - - [15/Apr/2014:13:40:26 +0000] "GET /lottery/ticket?division=MD& HTTP/1.1" 200 5192 "-" "Dalvik/1.6.0 (Linux; U; Android 4.1.2; GT-I9300 Build/JZO54K)"
182.73.179.242 - - [15/Apr/2014:13:40:27 +0000] "GET /lottery/game?division=CA& HTTP/1.1" 200 4837 "-" "Dalvik/1.6.0 (Linux; U; Android 4.0.4; LG-P765 Build/IMM76L)"
182.73.179.242 - - [15/Apr/2014:13:40:30 +0000] "POST /user/ HTTP/1.1" 200 228 "-" "Dalvik/1.6.0 (Linux; U; Android 4.1.2; GT-I9300 Build/JZO54K)"
182.73.179.242 - - [15/Apr/2014:13:40:31 +0000] "GET /lottery/ticket?division=MD& HTTP/1.1" 200 5192 "-" "Dalvik/1.6.0 (Linux; U; Android 4.1.2; GT-I9300 Build/JZO54K)"
182.73.179.242 - - [15/Apr/2014:13:40:31 +0000] "GET /lottery/ticket?division=MD& HTTP/1.1" 200 5192 "-" "Dalvik/1.6.0 (Linux; U; Android 4.1.2; GT-I9300 Build/JZO54K)"
182.73.179.242 - - [15/Apr/2014:13:40:34 +0000] "GET /lottery/ticket?division=MD& HTTP/1.1" 200 5192 "-" "Dalvik/1.6.0 (Linux; U; Android 4.1.2; GT-I9300 Build/JZO54K)"
182.73.179.242 - - [15/Apr/2014:13:40:34 +0000] "GET /lottery/ticket?division=MD& HTTP/1.1" 200 5192 "-" "Dalvik/1.6.0 (Linux; U; Android 4.1.2; GT-I9300 Build/JZO54K)"
125.99.186.46 - - [15/Apr/2014:13:40:34 +0000] "GET /lottery/ticket?division=TX& HTTP/1.1" 200 800 "-" "Dalvik/1.6.0 (Linux; U; Android 4.3; GT-N7100 Build/JSS15J)"
125.99.186.46 - - [15/Apr/2014:13:40:34 +0000] "POST /user/ HTTP/1.1" 200 225 "-" "Dalvik/1.6.0 (Linux; U; Android 4.3; GT-N7100 Build/JSS15J)"
182.73.179.242 - - [15/Apr/2014:13:40:36 +0000] "GET /lottery/ticket?division=MD& HTTP/1.1" 200 5192 "-" "Dalvik/1.6.0 (Linux; U; Android 4.1.2; GT-I9300 Build/JZO54K)"
182.73.179.242 - - [15/Apr/2014:13:40:41 +0000] "GET /lottery/ticket?division=CA& HTTP/1.1" 200 43 "-" "Dalvik/1.6.0 (Linux; U; Android 4.0.4; LG-P765 Build/IMM76L)"
182.73.179.242 - - [15/Apr/2014:13:40:41 +0000] "POST /user/ HTTP/1.1" 200 228 "-" "Dalvik/1.6.0 (Linux; U; Android 4.0.4; LG-P765 Build/IMM76L)"
182.73.179.242 - - [15/Apr/2014:13:40:42 +0000] "POST /user/ HTTP/1.1" 200 228 "-" "Dalvik/1.6.0 (Linux; U; Android 4.1.2; GT-I9300 Build/JZO54K)"
182.73.179.242 - - [15/Apr/2014:13:40:42 +0000] "GET /lottery/ticket?division=MD& HTTP/1.1" 200 5192 "-" "Dalvik/1.6.0 (Linux; U; Android 4.1.2; GT-I9300 Build/JZO54K)"
125.99.186.46 - - [15/Apr/2014:13:40:43 +0000] "POST /user/ HTTP/1.1" 200 225 "-" "Dalvik/1.6.0 (Linux; U; Android 4.3; GT-N7100 Build/JSS15J)"
125.99.186.46 - - [15/Apr/2014:13:40:43 +0000] "GET /lottery/ticket?division=TX& HTTP/1.1" 200 800 "-" "Dalvik/1.6.0 (Linux; U; Android 4.3; GT-N7100 Build/JSS15J)"
182.73.179.242 - - [15/Apr/2014:13:40:44 +0000] "GET /lottery/ticket?division=MD& HTTP/1.1" 200 5192 "-" "Dalvik/1.6.0 (Linux; U; Android 4.1.2; GT-I9300 Build/JZO54K)"
182.73.179.242 - - [15/Apr/2014:13:40:45 +0000] "GET /lottery/game?division=CA& HTTP/1.1" 200 4837 "-" "Dalvik/1.6.0 (Linux; U; Android 4.0.4; LG-P765 Build/IMM76L)"
182.73.179.242 - - [15/Apr/2014:13:40:47 +0000] "GET /lottery/game?division=CA& HTTP/1.1" 200 4837 "-" "Dalvik/1.6.0 (Linux; U; Android 4.0.4; LG-P765 Build/IMM76L)"
182.73.179.242 - - [15/Apr/2014:13:40:49 +0000] "POST /user/ HTTP/1.1" 200 228 "-" "Dalvik/1.6.0 (Linux; U; Android 4.1.2; GT-I9300 Build/JZO54K)"
182.73.179.242 - - [15/Apr/2014:13:40:50 +0000] "GET /lottery/ticket?division=MD& HTTP/1.1" 200 5192 "-" "Dalvik/1.6.0 (Linux; U; Android 4.1.2; GT-I9300 Build/JZO54K)"
182.73.179.242 - - [15/Apr/2014:13:40:52 +0000] "GET /lottery/game?division=MD& HTTP/1.1" 200 1670 "-" "Dalvik/1.6.0 (Linux; U; Android 4.1.2; GT-I9300 Build/JZO54K)"
182.73.179.242 - - [15/Apr/2014:13:40:55 +0000] "GET /lottery/ticket?division=MD& HTTP/1.1" 200 5192 "-" "Dalvik/1.6.0 (Linux; U; Android 4.1.2; GT-I9300 Build/JZO54K)"
182.73.179.242 - - [15/Apr/2014:13:40:55 +0000] "GET /lottery/game?division=MD& HTTP/1.1" 200 1670 "-" "Dalvik/1.6.0 (Linux; U; Android 4.1.2; GT-I9300 Build/JZO54K)"
182.73.179.242 - - [15/Apr/2014:13:40:57 +0000] "GET /lottery/ticket?division=MD& HTTP/1.1" 200 5192 "-" "Dalvik/1.6.0 (Linux; U; Android 4.1.2; GT-I9300 Build/JZO54K)"
182.73.179.242 - - [15/Apr/2014:13:40:57 +0000] "GET /lottery/game?division=MD& HTTP/1.1" 200 1670 "-" "Dalvik/1.6.0 (Linux; U; Android 4.1.2; GT-I9300 Build/JZO54K)"
182.73.179.242 - - [15/Apr/2014:13:41:06 +0000] "GET /lottery/ticket?division=MD& HTTP/1.1" 200 5192 "-" "Dalvik/1.6.0 (Linux; U; Android 4.1.2; GT-I9300 Build/JZO54K)"
182.73.179.242 - - [15/Apr/2014:13:41:06 +0000] "POST /user/ HTTP/1.1" 200 228 "-" "Dalvik/1.6.0 (Linux; U; Android 4.1.2; GT-I9300 Build/JZO54K)"
182.73.179.242 - - [15/Apr/2014:13:41:08 +0000] "GET /lottery/ticket?division=MD& HTTP/1.1" 200 5192 "-" "Dalvik/1.6.0 (Linux; U; Android 4.1.2; GT-I9300 Build/JZO54K)"
182.73.179.242 - - [15/Apr/2014:13:41:13 +0000] "GET /lottery/ticket?division=MD& HTTP/1.1" 200 5192 "-" "Dalvik/1.6.0 (Linux; U; Android 4.1.2; GT-I9300 Build/JZO54K)"
125.99.186.46 - - [15/Apr/2014:13:41:15 +0000] "POST /user/ HTTP/1.1" 200 225 "-" "Dalvik/1.6.0 (Linux; U; Android 4.3; GT-N7100 Build/JSS15J)"
125.99.186.46 - - [15/Apr/2014:13:41:15 +0000] "GET /lottery/ticket?division=TX& HTTP/1.1" 200 800 "-" "Dalvik/1.6.0 (Linux; U; Android 4.3; GT-N7100 Build/JSS15J)"
182.73.179.242 - - [15/Apr/2014:13:41:23 +0000] "GET /lottery/ticket?division=CA& HTTP/1.1" 200 43 "-" "Dalvik/1.6.0 (Linux; U; Android 4.0.4; LG-P765 Build/IMM76L)"
182.73.179.242 - - [15/Apr/2014:13:41:23 +0000] "POST /user/ HTTP/1.1" 200 228 "-" "Dalvik/1.6.0 (Linux; U; Android 4.0.4; LG-P765 Build/IMM76L)"
182.73.179.242 - - [15/Apr/2014:13:41:24 +0000] "POST /user/ HTTP/1.1" 200 228 "-" "Dalvik/1.6.0 (Linux; U; Android 4.1.2; GT-I9300 Build/JZO54K)"
182.73.179.242 - - [15/Apr/2014:13:41:24 +0000] "GET /lottery/ticket?division=MD& HTTP/1.1" 200 5192 "-" "Dalvik/1.6.0 (Linux; U; Android 4.1.2; GT-I9300 Build/JZO54K)"
182.73.179.242 - - [15/Apr/2014:13:41:25 +0000] "GET /lottery/game?division=CA& HTTP/1.1" 200 4837 "-" "Dalvik/1.6.0 (Linux; U; Android 4.0.4; LG-P765 Build/IMM76L)"
182.73.179.242 - - [15/Apr/2014:13:41:26 +0000] "GET /lottery/ticket?division=MD& HTTP/1.1" 200 5192 "-" "Dalvik/1.6.0 (Linux; U; Android 4.1.2; GT-I9300 Build/JZO54K)"
182.73.179.242 - - [15/Apr/2014:13:41:28 +0000] "GET /lottery/game?division=CA& HTTP/1.1" 200 4837 "-" "Dalvik/1.6.0 (Linux; U; Android 4.0.4; LG-P765 Build/IMM76L)"
182.73.179.242 - - [15/Apr/2014:13:41:31 +0000] "GET /lottery/ticket?division=MD& HTTP/1.1" 200 5192 "-" "Dalvik/1.6.0 (Linux; U; Android 4.1.2; GT-I9300 Build/JZO54K)"
182.73.179.242 - - [15/Apr/2014:13:41:40 +0000] "POST /user/ HTTP/1.1" 200 228 "-" "Dalvik/1.6.0 (Linux; U; Android 4.1.2; GT-I9300 Build/JZO54K)"
182.73.179.242 - - [15/Apr/2014:13:41:40 +0000] "GET /lottery/ticket?division=MD& HTTP/1.1" 200 5192 "-" "Dalvik/1.6.0 (Linux; U; Android 4.1.2; GT-I9300 Build/JZO54K)"
182.73.179.242 - - [15/Apr/2014:13:41:42 +0000] "GET /lottery/ticket?division=CA& HTTP/1.1" 200 43 "-" "Dalvik/1.6.0 (Linux; U; Android 4.0.4; LG-P765 Build/IMM76L)"
182.73.179.242 - - [15/Apr/2014:13:41:42 +0000] "GET /lottery/ticket?division=MD& HTTP/1.1" 200 5192 "-" "Dalvik/1.6.0 (Linux; U; Android 4.1.2; GT-I9300 Build/JZO54K)"
182.73.179.242 - - [15/Apr/2014:13:41:42 +0000] "POST /user/ HTTP/1.1" 200 228 "-" "Dalvik/1.6.0 (Linux; U; Android 4.0.4; LG-P765 Build/IMM76L)"
182.73.179.242 - - [15/Apr/2014:13:41:47 +0000] "GET /lottery/ticket?division=MD& HTTP/1.1" 200 5192 "-" "Dalvik/1.6.0 (Linux; U; Android 4.1.2; GT-I9300 Build/JZO54K)"
125.99.186.46 - - [15/Apr/2014:13:41:48 +0000] "POST /lottery/play HTTP/1.1" 200 648 "-" "Dalvik/1.6.0 (Linux; U; Android 4.3; GT-N7100 Build/JSS15J)"
125.99.186.46 - - [15/Apr/2014:13:41:52 +0000] "POST /user/ HTTP/1.1" 200 225 "-" "Dalvik/1.6.0 (Linux; U; Android 4.3; GT-N7100 Build/JSS15J)"
125.99.186.46 - - [15/Apr/2014:13:41:52 +0000] "GET /lottery/ticket?division=DE& HTTP/1.1" 200 632 "-" "Dalvik/1.6.0 (Linux; U; Android 4.3; GT-N7100 Build/JSS15J)"
125.99.186.46 - - [15/Apr/2014:13:41:53 +0000] "GET /lottery/ticket?drawId=8170&division=DE& HTTP/1.1" 200 646 "-" "Dalvik/1.6.0 (Linux; U; Android 4.3; GT-N7100 Build/JSS15J)"
125.99.186.46 - - [15/Apr/2014:13:41:54 +0000] "GET /lottery/ticket?drawId=8170&division=DE& HTTP/1.1" 200 646 "-" "Dalvik/1.6.0 (Linux; U; Android 4.3; GT-N7100 Build/JSS15J)"
182.73.179.242 - - [15/Apr/2014:13:41:56 +0000] "GET /lottery/ticket?division=CA& HTTP/1.1" 200 43 "-" "Dalvik/1.6.0 (Linux; U; Android 4.0.4; LG-P765 Build/IMM76L)"
182.73.179.242 - - [15/Apr/2014:13:41:56 +0000] "POST /user/ HTTP/1.1" 200 228 "-" "Dalvik/1.6.0 (Linux; U; Android 4.0.4; LG-P765 Build/IMM76L)"
182.73.179.242 - - [15/Apr/2014:13:42:00 +0000] "GET /coupon/vendor/ HTTP/1.1" 200 282 "-" "Dalvik/1.6.0 (Linux; U; Android 4.1.2; GT-I9300 Build/JZO54K)"
182.73.179.242 - - [15/Apr/2014:13:42:00 +0000] "GET /ad?width=656&p=PrizePartnersActivity HTTP/1.1" 200 953 "-" "Dalvik/1.6.0 (Linux; U; Android 4.1.2; GT-I9300 Build/JZO54K)"
182.73.179.242 - - [15/Apr/2014:13:42:02 +0000] "POST /user/ HTTP/1.1" 200 228 "-" "Dalvik/1.6.0 (Linux; U; Android 4.1.2; GT-I9300 Build/JZO54K)"
182.73.179.242 - - [15/Apr/2014:13:42:02 +0000] "GET /lottery/ticket?division=MD& HTTP/1.1" 200 5192 "-" "Dalvik/1.6.0 (Linux; U; Android 4.1.2; GT-I9300 Build/JZO54K)"
182.73.179.242 - - [15/Apr/2014:13:42:04 +0000] "GET /lottery/ticket?division=MD& HTTP/1.1" 200 5192 "-" "Dalvik/1.6.0 (Linux; U; Android 4.1.2; GT-I9300 Build/JZO54K)"
182.73.179.242 - - [15/Apr/2014:13:42:07 +0000] "GET /lottery/ticket?division=MD& HTTP/1.1" 200 5192 "-" "Dalvik/1.6.0 (Linux; U; Android 4.1.2; GT-I9300 Build/JZO54K)"
125.99.186.46 - - [15/Apr/2014:13:42:08 +0000] "POST /lottery/game/draw/8170/check?division=DE HTTP/1.1" 200 644 "-" "Dalvik/1.6.0 (Linux; U; Android 4.3; GT-N7100 Build/JSS15J)"
182.73.179.242 - - [15/Apr/2014:13:42:10 +0000] "GET /lottery/ticket?division=MD& HTTP/1.1" 200 5192 "-" "Dalvik/1.6.0 (Linux; U; Android 4.1.2; GT-I9300 Build/JZO54K)"
125.99.186.46 - - [15/Apr/2014:13:42:11 +0000] "GET /lottery/ticket?drawId=8170&division=DE& HTTP/1.1" 200 644 "-" "Dalvik/1.6.0 (Linux; U; Android 4.3; GT-N7100 Build/JSS15J)"
125.99.186.46 - - [15/Apr/2014:13:42:13 +0000] "GET /coupon/vendor/ HTTP/1.1" 200 282 "-" "Dalvik/1.6.0 (Linux; U; Android 4.3; GT-N7100 Build/JSS15J)"
125.99.186.46 - - [15/Apr/2014:13:42:13 +0000] "GET /ad?width=656&p=PrizePartnersActivity HTTP/1.1" 200 953 "-" "Dalvik/1.6.0 (Linux; U; Android 4.3; GT-N7100 Build/JSS15J)"
125.99.186.46 - - [15/Apr/2014:13:42:17 +0000] "GET /lottery/ticket?division=DE& HTTP/1.1" 200 632 "-" "Dalvik/1.6.0 (Linux; U; Android 4.3; GT-N7100 Build/JSS15J)"
125.99.186.46 - - [15/Apr/2014:13:42:17 +0000] "POST /user/ HTTP/1.1" 200 225 "-" "Dalvik/1.6.0 (Linux; U; Android 4.3; GT-N7100 Build/JSS15J)"
125.99.186.46 - - [15/Apr/2014:13:42:19 +0000] "GET /lottery/ticket?division=DE& HTTP/1.1" 200 632 "-" "Dalvik/1.6.0 (Linux; U; Android 4.3; GT-N7100 Build/JSS15J)"
182.73.179.242 - - [15/Apr/2014:13:42:19 +0000] "POST /user/ HTTP/1.1" 200 228 "-" "Dalvik/1.6.0 (Linux; U; Android 4.1.2; GT-I9300 Build/JZO54K)"
182.73.179.242 - - [15/Apr/2014:13:42:19 +0000] "POST /user/ HTTP/1.1" 200 228 "-" "Dalvik/1.6.0 (Linux; U; Android 4.1.2; GT-I9300 Build/JZO54K)"
182.73.179.242 - - [15/Apr/2014:13:42:19 +0000] "GET /lottery/ticket?division=MD& HTTP/1.1" 200 5192 "-" "Dalvik/1.6.0 (Linux; U; Android 4.1.2; GT-I9300 Build/JZO54K)"
182.73.179.242 - - [15/Apr/2014:13:42:19 +0000] "GET /lottery/ticket?division=MD& HTTP/1.1" 200 5192 "-" "Dalvik/1.6.0 (Linux; U; Android 4.1.2; GT-I9300 Build/JZO54K)"
125.99.186.46 - - [15/Apr/2014:13:42:21 +0000] "GET /lottery/ticket?gameType=0&division=DE& HTTP/1.1" 200 1420 "-" "Dalvik/1.6.0 (Linux; U; Android 4.3; GT-N7100 Build/JSS15J)"
125.99.186.46 - - [15/Apr/2014:13:42:23 +0000] "GET /lottery/ticket?drawId=8170&division=DE& HTTP/1.1" 200 644 "-" "Dalvik/1.6.0 (Linux; U; Android 4.3; GT-N7100 Build/JSS15J)"
125.99.186.46 - - [15/Apr/2014:13:42:24 +0000] "GET /lottery/ticket?drawId=8170&division=DE& HTTP/1.1" 200 644 "-" "Dalvik/1.6.0 (Linux; U; Android 4.3; GT-N7100 Build/JSS15J)"
182.73.179.242 - - [15/Apr/2014:13:42:38 +0000] "POST /user/ HTTP/1.1" 200 228 "-" "Dalvik/1.6.0 (Linux; U; Android 4.1.2; GT-I9300 Build/JZO54K)"
182.73.179.242 - - [15/Apr/2014:13:42:38 +0000] "GET /lottery/ticket?division=MD& HTTP/1.1" 200 5192 "-" "Dalvik/1.6.0 (Linux; U; Android 4.1.2; GT-I9300 Build/JZO54K)"
182.73.179.242 - - [15/Apr/2014:13:42:47 +0000] "POST /user/ HTTP/1.1" 200 228 "-" "Dalvik/1.6.0 (Linux; U; Android 4.1.2; GT-I9300 Build/JZO54K)"
182.73.179.242 - - [15/Apr/2014:13:42:48 +0000] "GET /lottery/ticket?division=MD& HTTP/1.1" 200 5192 "-" "Dalvik/1.6.0 (Linux; U; Android 4.1.2; GT-I9300 Build/JZO54K)"
182.73.179.242 - - [15/Apr/2014:13:42:49 +0000] "POST /admin/ HTTP/1.1" 200 1612 "http://qa.yoolotto.com/admin/" "Mozilla/5.0 (X11; Ubuntu; Linux i686; rv:28.0) Gecko/20100101 Firefox/28.0"
125.99.186.46 - - [15/Apr/2014:13:42:53 +0000] "POST /lottery/game/draw/8170/check?division=DE HTTP/1.1" 200 647 "-" "Dalvik/1.6.0 (Linux; U; Android 4.3; GT-N7100 Build/JSS15J)"
182.73.179.242 - - [15/Apr/2014:13:42:54 +0000] "GET /admin/lottery/lotterydraw/ HTTP/1.1" 200 4593 "http://qa.yoolotto.com/admin/" "Mozilla/5.0 (X11; Ubuntu; Linux i686; rv:28.0) Gecko/20100101 Firefox/28.0"
182.73.179.242 - - [15/Apr/2014:13:42:54 +0000] "GET /admin/jsi18n/ HTTP/1.1" 200 5188 "http://qa.yoolotto.com/admin/lottery/lotterydraw/" "Mozilla/5.0 (X11; Ubuntu; Linux i686; rv:28.0) Gecko/20100101 Firefox/28.0"
125.99.186.46 - - [15/Apr/2014:13:42:57 +0000] "GET /coupon/vendor/ HTTP/1.1" 200 282 "-" "Dalvik/1.6.0 (Linux; U; Android 4.3; GT-N7100 Build/JSS15J)"
125.99.186.46 - - [15/Apr/2014:13:42:57 +0000] "GET /ad?width=656&p=PrizePartnersActivity HTTP/1.1" 200 953 "-" "Dalvik/1.6.0 (Linux; U; Android 4.3; GT-N7100 Build/JSS15J)"
182.73.179.242 - - [15/Apr/2014:13:42:59 +0000] "GET /admin/lottery/lotterydraw/?component__format=Powerplay HTTP/1.1" 200 3109 "http://qa.yoolotto.com/admin/lottery/lotterydraw/" "Mozilla/5.0 (X11; Ubuntu; Linux i686; rv:28.0) Gecko/20100101 Firefox/28.0"
125.99.186.46 - - [15/Apr/2014:13:42:59 +0000] "POST /user/ HTTP/1.1" 200 225 "-" "Dalvik/1.6.0 (Linux; U; Android 4.3; GT-N7100 Build/JSS15J)"
125.99.186.46 - - [15/Apr/2014:13:42:59 +0000] "GET /lottery/ticket?division=DE& HTTP/1.1" 200 632 "-" "Dalvik/1.6.0 (Linux; U; Android 4.3; GT-N7100 Build/JSS15J)"
125.99.186.46 - - [15/Apr/2014:13:43:00 +0000] "GET /lottery/game?division=DE& HTTP/1.1" 200 1671 "-" "Dalvik/1.6.0 (Linux; U; Android 4.3; GT-N7100 Build/JSS15J)"
125.99.186.46 - - [15/Apr/2014:13:43:01 +0000] "GET /lottery/ticket?division=DE& HTTP/1.1" 200 632 "-" "Dalvik/1.6.0 (Linux; U; Android 4.3; GT-N7100 Build/JSS15J)"
182.73.179.242 - - [15/Apr/2014:13:43:04 +0000] "GET /admin/jsi18n/ HTTP/1.1" 200 5188 "http://qa.yoolotto.com/admin/lottery/lotterydraw/?component__format=Powerplay" "Mozilla/5.0 (X11; Ubuntu; Linux i686; rv:28.0) Gecko/20100101 Firefox/28.0"
125.99.186.46 - - [15/Apr/2014:13:43:11 +0000] "POST /user/ HTTP/1.1" 200 225 "-" "Dalvik/1.6.0 (Linux; U; Android 4.3; GT-N7100 Build/JSS15J)"
125.99.186.46 - - [15/Apr/2014:13:43:11 +0000] "GET /lottery/ticket?division=DE& HTTP/1.1" 200 632 "-" "Dalvik/1.6.0 (Linux; U; Android 4.3; GT-N7100 Build/JSS15J)"
125.99.186.46 - - [15/Apr/2014:13:43:12 +0000] "GET /lottery/game?division=DE& HTTP/1.1" 200 1671 "-" "Dalvik/1.6.0 (Linux; U; Android 4.3; GT-N7100 Build/JSS15J)"
125.99.186.46 - - [15/Apr/2014:13:43:13 +0000] "GET /lottery/ticket?division=DE& HTTP/1.1" 200 632 "-" "Dalvik/1.6.0 (Linux; U; Android 4.3; GT-N7100 Build/JSS15J)"
125.99.186.46 - - [15/Apr/2014:13:43:19 +0000] "GET /lottery/ticket?division=DE& HTTP/1.1" 200 632 "-" "Dalvik/1.6.0 (Linux; U; Android 4.3; GT-N7100 Build/JSS15J)"
125.99.186.46 - - [15/Apr/2014:13:43:19 +0000] "POST /user/ HTTP/1.1" 200 225 "-" "Dalvik/1.6.0 (Linux; U; Android 4.3; GT-N7100 Build/JSS15J)"
182.73.179.242 - - [15/Apr/2014:13:43:21 +0000] "GET /lottery/ticket?division=TX& HTTP/1.1" 200 43 "-" "Dalvik/1.6.0 (Linux; U; Android 4.1.2; GT-I9300 Build/JZO54K)"
182.73.179.242 - - [15/Apr/2014:13:43:21 +0000] "POST /user/ HTTP/1.1" 200 228 "-" "Dalvik/1.6.0 (Linux; U; Android 4.1.2; GT-I9300 Build/JZO54K)"
182.73.179.242 - - [15/Apr/2014:13:43:24 +0000] "GET /lottery/ticket?division=TX& HTTP/1.1" 200 43 "-" "Dalvik/1.6.0 (Linux; U; Android 4.1.2; GT-I9300 Build/JZO54K)"
182.73.179.242 - - [15/Apr/2014:13:43:24 +0000] "POST /user/ HTTP/1.1" 200 228 "-" "Dalvik/1.6.0 (Linux; U; Android 4.1.2; GT-I9300 Build/JZO54K)"
125.99.186.46 - - [15/Apr/2014:13:43:28 +0000] "GET /lottery/game?division=DE& HTTP/1.1" 200 1671 "-" "Dalvik/1.6.0 (Linux; U; Android 4.3; GT-N7100 Build/JSS15J)"
125.99.186.46 - - [15/Apr/2014:13:43:29 +0000] "GET /lottery/ticket?division=DE& HTTP/1.1" 200 632 "-" "Dalvik/1.6.0 (Linux; U; Android 4.3; GT-N7100 Build/JSS15J)"
182.73.179.242 - - [15/Apr/2014:13:43:37 +0000] "GET /lottery/ticket?division=TX& HTTP/1.1" 200 43 "-" "Dalvik/1.6.0 (Linux; U; Android 4.1.2; GT-I9300 Build/JZO54K)"
182.73.179.242 - - [15/Apr/2014:13:43:37 +0000] "POST /user/ HTTP/1.1" 200 228 "-" "Dalvik/1.6.0 (Linux; U; Android 4.1.2; GT-I9300 Build/JZO54K)"
182.73.179.242 - - [15/Apr/2014:13:43:40 +0000] "GET /lottery/game?division=TX& HTTP/1.1" 200 24158 "-" "Dalvik/1.6.0 (Linux; U; Android 4.1.2; GT-I9300 Build/JZO54K)"
182.73.179.242 - - [15/Apr/2014:13:43:46 +0000] "GET /lottery/game?division=TX& HTTP/1.1" 200 24158 "-" "Dalvik/1.6.0 (Linux; U; Android 4.1.2; GT-I9300 Build/JZO54K)"
182.73.179.242 - - [15/Apr/2014:13:44:13 +0000] "GET /lottery/ticket?division=TX& HTTP/1.1" 200 43 "-" "Dalvik/1.6.0 (Linux; U; Android 4.1.2; GT-I9300 Build/JZO54K)"
182.73.179.242 - - [15/Apr/2014:13:44:13 +0000] "POST /user/ HTTP/1.1" 200 228 "-" "Dalvik/1.6.0 (Linux; U; Android 4.1.2; GT-I9300 Build/JZO54K)"
182.73.179.242 - - [15/Apr/2014:13:44:19 +0000] "GET /lottery/ticket?division=TX& HTTP/1.1" 200 43 "-" "Dalvik/1.6.0 (Linux; U; Android 4.1.2; GT-I9300 Build/JZO54K)"
182.73.179.242 - - [15/Apr/2014:13:44:19 +0000] "POST /user/ HTTP/1.1" 200 228 "-" "Dalvik/1.6.0 (Linux; U; Android 4.1.2; GT-I9300 Build/JZO54K)"
182.73.179.242 - - [15/Apr/2014:13:44:21 +0000] "POST /user/ HTTP/1.1" 200 228 "-" "Dalvik/1.6.0 (Linux; U; Android 4.1.2; GT-I9300 Build/JZO54K)"
182.73.179.242 - - [15/Apr/2014:13:44:38 +0000] "GET /lottery/game?division=TX& HTTP/1.1" 200 17214 "-" "Dalvik/1.6.0 (Linux; U; Android 4.1.2; GT-I9300 Build/JZO54K)"
182.73.179.242 - - [15/Apr/2014:13:44:51 +0000] "GET /lottery/game?division=TX& HTTP/1.1" 200 17214 "-" "Dalvik/1.6.0 (Linux; U; Android 4.1.2; GT-I9300 Build/JZO54K)"
182.73.179.242 - - [15/Apr/2014:13:44:57 +0000] "GET /lottery/game?division=TX& HTTP/1.1" 200 17214 "-" "Dalvik/1.6.0 (Linux; U; Android 4.1.2; GT-I9300 Build/JZO54K)"
182.73.179.242 - - [15/Apr/2014:13:44:59 +0000] "GET /lottery/game?division=TX& HTTP/1.1" 200 17214 "-" "Dalvik/1.6.0 (Linux; U; Android 4.1.2; GT-I9300 Build/JZO54K)"
125.99.186.46 - - [15/Apr/2014:13:45:07 +0000] "GET /admin/ HTTP/1.1" 200 832 "-" "Mozilla/5.0 (X11; Ubuntu; Linux x86_64; rv:24.0) Gecko/20100101 Firefox/24.0"
182.73.179.242 - - [15/Apr/2014:13:45:11 +0000] "POST /user/ HTTP/1.1" 200 228 "-" "Dalvik/1.6.0 (Linux; U; Android 4.1.2; GT-I9300 Build/JZO54K)"
182.73.179.242 - - [15/Apr/2014:13:45:12 +0000] "GET /lottery/ticket?division=TX& HTTP/1.1" 200 43 "-" "Dalvik/1.6.0 (Linux; U; Android 4.1.2; GT-I9300 Build/JZO54K)"
182.73.179.242 - - [15/Apr/2014:13:45:21 +0000] "GET /lottery/game?division=TX& HTTP/1.1" 200 17214 "-" "Dalvik/1.6.0 (Linux; U; Android 4.1.2; GT-I9300 Build/JZO54K)"
182.73.179.242 - - [15/Apr/2014:13:45:31 +0000] "GET /lottery/game?division=TX& HTTP/1.1" 200 21102 "-" "Dalvik/1.6.0 (Linux; U; Android 4.1.2; GT-I9300 Build/JZO54K)"
125.99.186.46 - - [15/Apr/2014:13:45:41 +0000] "GET /static/admin/img/nav-bg-reverse.gif HTTP/1.1" 200 186 "http://qa.yoolotto.com/static/admin/css/base.css" "Mozilla/5.0 (X11; Ubuntu; Linux x86_64; rv:24.0) Gecko/20100101 Firefox/24.0"
125.99.186.46 - - [15/Apr/2014:13:45:41 +0000] "POST /admin/ HTTP/1.1" 302 5 "http://qa.yoolotto.com/admin/" "Mozilla/5.0 (X11; Ubuntu; Linux x86_64; rv:24.0) Gecko/20100101 Firefox/24.0"
125.99.186.46 - - [15/Apr/2014:13:45:42 +0000] "GET /admin/ HTTP/1.1" 200 1612 "http://qa.yoolotto.com/admin/" "Mozilla/5.0 (X11; Ubuntu; Linux x86_64; rv:24.0) Gecko/20100101 Firefox/24.0"
125.99.186.46 - - [15/Apr/2014:13:45:42 +0000] "GET /static/admin/css/dashboard.css HTTP/1.1" 200 434 "http://qa.yoolotto.com/admin/" "Mozilla/5.0 (X11; Ubuntu; Linux x86_64; rv:24.0) Gecko/20100101 Firefox/24.0"
125.99.186.46 - - [15/Apr/2014:13:45:42 +0000] "GET /static/admin/img/icon_addlink.gif HTTP/1.1" 200 119 "http://qa.yoolotto.com/static/admin/css/base.css" "Mozilla/5.0 (X11; Ubuntu; Linux x86_64; rv:24.0) Gecko/20100101 Firefox/24.0"
125.99.186.46 - - [15/Apr/2014:13:45:42 +0000] "GET /static/admin/img/default-bg.gif HTTP/1.1" 200 844 "http://qa.yoolotto.com/static/admin/css/base.css" "Mozilla/5.0 (X11; Ubuntu; Linux x86_64; rv:24.0) Gecko/20100101 Firefox/24.0"
125.99.186.46 - - [15/Apr/2014:13:45:43 +0000] "GET /static/admin/img/icon_deletelink.gif HTTP/1.1" 200 181 "http://qa.yoolotto.com/static/admin/css/base.css" "Mozilla/5.0 (X11; Ubuntu; Linux x86_64; rv:24.0) Gecko/20100101 Firefox/24.0"
125.99.186.46 - - [15/Apr/2014:13:45:43 +0000] "GET /static/admin/img/icon_changelink.gif HTTP/1.1" 200 119 "http://qa.yoolotto.com/static/admin/css/base.css" "Mozilla/5.0 (X11; Ubuntu; Linux x86_64; rv:24.0) Gecko/20100101 Firefox/24.0"
125.99.186.46 - - [15/Apr/2014:13:46:16 +0000] "GET /lottery/game?division=DE& HTTP/1.1" 200 1671 "-" "Dalvik/1.6.0 (Linux; U; Android 4.3; GT-N7100 Build/JSS15J)"
125.99.186.46 - - [15/Apr/2014:13:46:17 +0000] "GET /lottery/ticket?division=DE& HTTP/1.1" 200 632 "-" "Dalvik/1.6.0 (Linux; U; Android 4.3; GT-N7100 Build/JSS15J)"
125.99.186.46 - - [15/Apr/2014:13:46:18 +0000] "GET /lottery/ticket?division=DE& HTTP/1.1" 200 632 "-" "Dalvik/1.6.0 (Linux; U; Android 4.3; GT-N7100 Build/JSS15J)"
125.99.186.46 - - [15/Apr/2014:13:46:18 +0000] "POST /user/ HTTP/1.1" 200 225 "-" "Dalvik/1.6.0 (Linux; U; Android 4.3; GT-N7100 Build/JSS15J)"
182.73.179.242 - - [15/Apr/2014:13:46:24 +0000] "GET /lottery/game?division=TX& HTTP/1.1" 200 17214 "-" "Dalvik/1.6.0 (Linux; U; Android 4.1.2; GT-I9300 Build/JZO54K)"
182.73.179.242 - - [15/Apr/2014:13:46:26 +0000] "GET /lottery/game?division=TX& HTTP/1.1" 200 17214 "-" "Dalvik/1.6.0 (Linux; U; Android 4.1.2; GT-I9300 Build/JZO54K)"
125.99.186.46 - - [15/Apr/2014:13:46:32 +0000] "POST /user/ HTTP/1.1" 200 225 "-" "Dalvik/1.6.0 (Linux; U; Android 4.3; GT-N7100 Build/JSS15J)"
125.99.186.46 - - [15/Apr/2014:13:46:32 +0000] "GET /lottery/ticket?division=DE& HTTP/1.1" 200 632 "-" "Dalvik/1.6.0 (Linux; U; Android 4.3; GT-N7100 Build/JSS15J)"
125.99.186.46 - - [15/Apr/2014:13:46:38 +0000] "POST /user/ HTTP/1.1" 200 225 "-" "Dalvik/1.6.0 (Linux; U; Android 4.3; GT-N7100 Build/JSS15J)"
125.99.186.46 - - [15/Apr/2014:13:46:38 +0000] "GET /lottery/ticket?division=DE& HTTP/1.1" 200 632 "-" "Dalvik/1.6.0 (Linux; U; Android 4.3; GT-N7100 Build/JSS15J)"
182.73.179.242 - - [15/Apr/2014:13:47:02 +0000] "GET /lottery/ticket?division=TX& HTTP/1.1" 200 43 "-" "Dalvik/1.6.0 (Linux; U; Android 4.1.2; GT-I9300 Build/JZO54K)"
182.73.179.242 - - [15/Apr/2014:13:47:02 +0000] "POST /user/ HTTP/1.1" 200 228 "-" "Dalvik/1.6.0 (Linux; U; Android 4.1.2; GT-I9300 Build/JZO54K)"
182.73.179.242 - - [15/Apr/2014:13:47:05 +0000] "GET /admin/lottery/lotterydraw/?component__format=Powerball HTTP/1.1" 200 4908 "http://qa.yoolotto.com/admin/lottery/lotterydraw/?component__format=Powerplay" "Mozilla/5.0 (X11; Ubuntu; Linux i686; rv:28.0) Gecko/20100101 Firefox/28.0"
182.73.179.242 - - [15/Apr/2014:13:47:07 +0000] "GET /lottery/ticket?division=TX& HTTP/1.1" 200 43 "-" "Dalvik/1.6.0 (Linux; U; Android 4.1.2; GT-I9300 Build/JZO54K)"
182.73.179.242 - - [15/Apr/2014:13:47:07 +0000] "POST /user/ HTTP/1.1" 200 228 "-" "Dalvik/1.6.0 (Linux; U; Android 4.1.2; GT-I9300 Build/JZO54K)"
125.99.186.46 - - [15/Apr/2014:13:47:36 +0000] "GET /lottery/ticket?division=TX& HTTP/1.1" 200 800 "-" "Dalvik/1.6.0 (Linux; U; Android 4.3; GT-N7100 Build/JSS15J)"
125.99.186.46 - - [15/Apr/2014:13:47:36 +0000] "POST /user/ HTTP/1.1" 200 225 "-" "Dalvik/1.6.0 (Linux; U; Android 4.3; GT-N7100 Build/JSS15J)"
182.73.179.242 - - [15/Apr/2014:13:47:48 +0000] "GET /admin/lottery/lotterydraw/?component__format=Powerplay HTTP/1.1" 200 3109 "http://qa.yoolotto.com/admin/lottery/lotterydraw/" "Mozilla/5.0 (X11; Ubuntu; Linux i686; rv:28.0) Gecko/20100101 Firefox/28.0"
182.73.179.242 - - [15/Apr/2014:13:47:53 +0000] "GET /lottery/game?division=TX& HTTP/1.1" 200 17214 "-" "Dalvik/1.6.0 (Linux; U; Android 4.1.2; GT-I9300 Build/JZO54K)"
182.73.179.242 - - [15/Apr/2014:13:47:56 +0000] "GET /lottery/game?division=TX& HTTP/1.1" 200 17214 "-" "Dalvik/1.6.0 (Linux; U; Android 4.1.2; GT-I9300 Build/JZO54K)"
125.99.186.46 - - [15/Apr/2014:13:48:04 +0000] "POST /user/ HTTP/1.1" 200 225 "-" "Dalvik/1.6.0 (Linux; U; Android 4.3; GT-N7100 Build/JSS15J)"
125.99.186.46 - - [15/Apr/2014:13:48:04 +0000] "GET /lottery/ticket?division=TX& HTTP/1.1" 200 800 "-" "Dalvik/1.6.0 (Linux; U; Android 4.3; GT-N7100 Build/JSS15J)"
182.73.179.242 - - [15/Apr/2014:13:48:37 +0000] "GET /admin/lottery/lotterydraw/?component__division__remote_id=MD&component__format=Powerplay HTTP/1.1" 200 2274 "http://qa.yoolotto.com/admin/lottery/lotterydraw/?component__format=Powerplay" "Mozilla/5.0 (X11; Ubuntu; Linux i686; rv:28.0) Gecko/20100101 Firefox/28.0"
182.73.179.242 - - [15/Apr/2014:13:49:07 +0000] "GET /admin/logout/ HTTP/1.1" 200 580 "http://qa.yoolotto.com/admin/lottery/lotterydraw/?component__format=Powerplay" "Mozilla/5.0 (X11; Ubuntu; Linux i686; rv:28.0) Gecko/20100101 Firefox/28.0"
182.73.179.242 - - [15/Apr/2014:13:50:27 +0000] "GET /lottery/ticket?division=TX& HTTP/1.1" 200 43 "-" "Dalvik/1.6.0 (Linux; U; Android 4.1.2; GT-I9300 Build/JZO54K)"
182.73.179.242 - - [15/Apr/2014:13:50:27 +0000] "POST /user/ HTTP/1.1" 200 228 "-" "Dalvik/1.6.0 (Linux; U; Android 4.1.2; GT-I9300 Build/JZO54K)"
182.73.179.242 - - [15/Apr/2014:13:50:39 +0000] "GET /admin/ HTTP/1.1" 200 838 "http://qa.yoolotto.com/admin/logout/" "Mozilla/5.0 (X11; Ubuntu; Linux i686; rv:28.0) Gecko/20100101 Firefox/28.0"
182.73.179.242 - - [15/Apr/2014:13:50:41 +0000] "GET /lottery/ticket?division=MD& HTTP/1.1" 200 5192 "-" "Dalvik/1.6.0 (Linux; U; Android 4.1.2; GT-I9300 Build/JZO54K)"
182.73.179.242 - - [15/Apr/2014:13:50:41 +0000] "POST /user/ HTTP/1.1" 200 228 "-" "Dalvik/1.6.0 (Linux; U; Android 4.1.2; GT-I9300 Build/JZO54K)"
182.73.179.242 - - [15/Apr/2014:13:50:44 +0000] "GET /lottery/ticket?division=MD& HTTP/1.1" 200 5192 "-" "Dalvik/1.6.0 (Linux; U; Android 4.1.2; GT-I9300 Build/JZO54K)"
182.73.179.242 - - [15/Apr/2014:13:50:47 +0000] "GET /lottery/ticket?division=MD& HTTP/1.1" 200 5192 "-" "Dalvik/1.6.0 (Linux; U; Android 4.1.2; GT-I9300 Build/JZO54K)"
182.73.179.242 - - [15/Apr/2014:13:50:49 +0000] "GET /lottery/ticket?division=MD& HTTP/1.1" 200 5192 "-" "Dalvik/1.6.0 (Linux; U; Android 4.1.2; GT-I9300 Build/JZO54K)"
182.73.179.242 - - [15/Apr/2014:13:51:01 +0000] "POST /user/ HTTP/1.1" 200 228 "-" "Dalvik/1.6.0 (Linux; U; Android 4.1.2; GT-I9300 Build/JZO54K)"
182.73.179.242 - - [15/Apr/2014:13:51:01 +0000] "GET /lottery/ticket?division=MD& HTTP/1.1" 200 5192 "-" "Dalvik/1.6.0 (Linux; U; Android 4.1.2; GT-I9300 Build/JZO54K)"
182.73.179.242 - - [15/Apr/2014:13:51:03 +0000] "GET /lottery/ticket?division=MD& HTTP/1.1" 200 5192 "-" "Dalvik/1.6.0 (Linux; U; Android 4.1.2; GT-I9300 Build/JZO54K)"
182.73.179.242 - - [15/Apr/2014:13:51:06 +0000] "POST /user/ HTTP/1.1" 200 228 "-" "Dalvik/1.6.0 (Linux; U; Android 4.1.2; GT-I9300 Build/JZO54K)"
182.73.179.242 - - [15/Apr/2014:13:51:08 +0000] "GET /lottery/ticket?division=MD& HTTP/1.1" 200 5192 "-" "Dalvik/1.6.0 (Linux; U; Android 4.1.2; GT-I9300 Build/JZO54K)"
182.73.179.242 - - [15/Apr/2014:13:51:13 +0000] "GET /lottery/ticket?division=MD& HTTP/1.1" 200 5192 "-" "Dalvik/1.6.0 (Linux; U; Android 4.1.2; GT-I9300 Build/JZO54K)"
182.73.179.242 - - [15/Apr/2014:13:51:14 +0000] "POST /admin/ HTTP/1.1" 302 5 "http://qa.yoolotto.com/admin/" "Mozilla/5.0 (X11; Ubuntu; Linux i686; rv:28.0) Gecko/20100101 Firefox/28.0"
182.73.179.242 - - [15/Apr/2014:13:51:15 +0000] "GET /admin/ HTTP/1.1" 200 1612 "http://qa.yoolotto.com/admin/" "Mozilla/5.0 (X11; Ubuntu; Linux i686; rv:28.0) Gecko/20100101 Firefox/28.0"
182.73.179.242 - - [15/Apr/2014:13:51:18 +0000] "GET /lottery/ticket?division=MD& HTTP/1.1" 200 5192 "-" "Dalvik/1.6.0 (Linux; U; Android 4.1.2; GT-I9300 Build/JZO54K)"
182.73.179.242 - - [15/Apr/2014:13:51:20 +0000] "POST /user/ HTTP/1.1" 200 228 "-" "Dalvik/1.6.0 (Linux; U; Android 4.1.2; GT-I9300 Build/JZO54K)"
182.73.179.242 - - [15/Apr/2014:13:51:21 +0000] "GET /lottery/ticket?division=MD& HTTP/1.1" 200 5192 "-" "Dalvik/1.6.0 (Linux; U; Android 4.1.2; GT-I9300 Build/JZO54K)"
182.73.179.242 - - [15/Apr/2014:13:51:21 +0000] "GET /lottery/ticket?division=MD& HTTP/1.1" 200 5192 "-" "Dalvik/1.6.0 (Linux; U; Android 4.1.2; GT-I9300 Build/JZO54K)"
182.73.179.242 - - [15/Apr/2014:13:51:23 +0000] "GET /lottery/ticket?division=MD& HTTP/1.1" 200 5192 "-" "Dalvik/1.6.0 (Linux; U; Android 4.1.2; GT-I9300 Build/JZO54K)"
182.73.179.242 - - [15/Apr/2014:13:51:28 +0000] "GET /lottery/ticket?division=MD& HTTP/1.1" 200 5192 "-" "Dalvik/1.6.0 (Linux; U; Android 4.1.2; GT-I9300 Build/JZO54K)"
182.73.179.242 - - [15/Apr/2014:13:51:41 +0000] "POST /user/ HTTP/1.1" 200 228 "-" "Dalvik/1.6.0 (Linux; U; Android 4.1.2; GT-I9300 Build/JZO54K)"
182.73.179.242 - - [15/Apr/2014:13:51:42 +0000] "GET /lottery/ticket?division=MD& HTTP/1.1" 200 5192 "-" "Dalvik/1.6.0 (Linux; U; Android 4.1.2; GT-I9300 Build/JZO54K)"
